{
  "name": "mule",
  "directed": true,
  "strict": false,
  "_draw_":
  [
    {
      "op": "c",
      "grad": "none",
      "color": "#fffffe00"
    },
    {
      "op": "C",
      "grad": "none",
      "color": "#ffffff"
    },
    {
      "op": "P",
      "points": [[-144.000,-144.000],[-144.000,366.800],[1431.310,366.800],[1431.310,-144.000]]
    }
  ],
  "_ldraw_":
  [
    {
      "op": "F",
      "size": 14.000,
      "face": "Times-Roman"
    },
    {
      "op": "c",
      "grad": "none",
      "color": "#000000"
    },
    {
      "op": "T",
      "pt": [605.370,206.200],
      "align": "l",
      "width": 76.580,
      "text": "Test Diagram"
    }
  ],
  "bb": "0,0,1287.3,222.8",
  "dpi": "150",
  "label": "Test Diagram<br\/>",
  "labelloc": "t",
  "lheight": "0.23",
  "lp": "643.66,210.4",
  "lwidth": "1.06",
  "pad": "2.0",
  "rankdir": "LR",
  "splines": "spline",
  "xdotversion": "1.7",
  "_subgraph_cnt": 0,
  "objects": [
    {
      "_gvid": 0,
      "name": "http:\/api\/*",
      "_draw_":
      [
        {
          "op": "c",
          "grad": "none",
          "color": "#00ffff"
        },
        {
          "op": "C",
          "grad": "none",
          "color": "#00ffff"
        },
        {
          "op": "P",
          "points": [[99.250,135.000],[79.650,164.290],[40.450,164.290],[20.850,135.000],[40.450,105.710],[79.650,105.710]]
        }
      ],
      "_ldraw_":
      [
        {
          "op": "F",
          "size": 14.000,
          "face": "Times-Roman"
        },
        {
          "op": "c",
          "grad": "none",
          "color": "#000000"
        },
        {
          "op": "t",
          "fontchar": 1
        },
        {
          "op": "T",
          "pt": [49.160,137.400],
          "align": "l",
          "width": 21.780,
          "text": "http"
        },
        {
          "op": "F",
          "size": 14.000,
          "face": "Times-Roman"
        },
        {
          "op": "c",
          "grad": "none",
          "color": "#000000"
        },
        {
          "op": "t",
          "fontchar": 0
        },
        {
          "op": "T",
          "pt": [44.110,123.400],
          "align": "l",
          "width": 31.890,
          "text": "\/api\/*"
        }
      ],
      "color": "cyan",
      "height": "0.8165",
      "label": "<b>http<\/b><br\/>\/api\/*<br\/>",
      "pos": "60.05,135",
      "shape": "hexagon",
      "sourceNode": "true",
      "style": "filled",
      "width": "1.0861"
    },
    {
      "_gvid": 1,
      "name": "flow:test-api-main",
      "_draw_":
      [
        {
          "op": "c",
          "grad": "none",
          "color": "#0000ff"
        },
        {
          "op": "p",
          "points": [[287.350,147.000],[164.530,147.000],[164.530,111.000],[287.350,111.000]]
        }
      ],
      "_ldraw_":
      [
        {
          "op": "F",
          "size": 14.000,
          "face": "Times-Roman"
        },
        {
          "op": "c",
          "grad": "none",
          "color": "#000000"
        },
        {
          "op": "t",
          "fontchar": 1
        },
        {
          "op": "T",
          "pt": [172.480,125.800],
          "align": "l",
          "width": 25.660,
          "text": "flow"
        },
        {
          "op": "F",
          "size": 14.000,
          "face": "Times-Roman"
        },
        {
          "op": "c",
          "grad": "none",
          "color": "#000000"
        },
        {
          "op": "t",
          "fontchar": 0
        },
        {
          "op": "T",
          "pt": [198.140,125.800],
          "align": "l",
          "width": 81.250,
          "text": ": test-api-main"
        }
      ],
      "color": "blue",
      "height": "0.5",
      "label": "<b>flow<\/b>: test-api-main",
      "pos": "225.94,129",
      "shape": "rectangle",
      "width": "1.7071"
    },
    {
      "_gvid": 2,
      "name": "apikittest-api-config",
      "_draw_":
      [
        {
          "op": "c",
          "grad": "none",
          "color": "#00ffff"
        },
        {
          "op": "C",
          "grad": "none",
          "color": "#00ffff"
        },
        {
          "op": "E",
          "rect": [420.140,91.000,69.070,69.070]
        },
        {
          "op": "c",
          "grad": "none",
          "color": "#00ffff"
        },
        {
          "op": "e",
          "rect": [420.140,91.000,73.070,73.070]
        }
      ],
      "_ldraw_":
      [
        {
          "op": "F",
          "size": 14.000,
          "face": "Times-Roman"
        },
        {
          "op": "c",
          "grad": "none",
          "color": "#000000"
        },
        {
          "op": "t",
          "fontchar": 1
        },
        {
          "op": "T",
          "pt": [404.190,93.400],
          "align": "l",
          "width": 31.890,
          "text": "apikit"
        },
        {
          "op": "F",
          "size": 14.000,
          "face": "Times-Roman"
        },
        {
          "op": "c",
          "grad": "none",
          "color": "#000000"
        },
        {
          "op": "t",
          "fontchar": 0
        },
        {
          "op": "T",
          "pt": [379.320,79.400],
          "align": "l",
          "width": 81.630,
          "text": "test-api-config"
        }
      ],
      "color": "cyan",
      "height": "2.0288",
      "label": "<b>apikit<\/b><br\/>test-api-config<br\/>",
      "pos": "420.14,91",
      "shape": "doublecircle",
      "style": "filled",
      "width": "2.0288"
    },
    {
      "_gvid": 3,
      "name": "flow:put:\\users\\(userId):test-api-config",
      "_draw_":
      [
        {
          "op": "c",
          "grad": "none",
          "color": "#0000ff"
        },
        {
          "op": "p",
          "points": [[767.470,198.000],[530.070,198.000],[530.070,162.000],[767.470,162.000]]
        }
      ],
      "_ldraw_":
      [
        {
          "op": "F",
          "size": 14.000,
          "face": "Times-Roman"
        },
        {
          "op": "c",
          "grad": "none",
          "color": "#000000"
        },
        {
          "op": "t",
          "fontchar": 1
        },
        {
          "op": "T",
          "pt": [538.170,176.800],
          "align": "l",
          "width": 25.660,
          "text": "flow"
        },
        {
          "op": "F",
          "size": 14.000,
          "face": "Times-Roman"
        },
        {
          "op": "c",
          "grad": "none",
          "color": "#000000"
        },
        {
          "op": "t",
          "fontchar": 0
        },
        {
          "op": "T",
          "pt": [563.830,176.800],
          "align": "l",
          "width": 195.540,
          "text": ": put:\\users\\(userId):test-api-config"
        }
      ],
      "color": "blue",
      "height": "0.5",
      "label": "<b>flow<\/b>: put:\\users\\(userId):test-api-config",
      "pos": "648.77,180",
      "shape": "rectangle",
      "width": "3.2944"
    },
    {
      "_gvid": 4,
      "name": "flow:get:\\users:test-api-config",
      "_draw_":
      [
        {
          "op": "c",
          "grad": "none",
          "color": "#0000ff"
        },
        {
          "op": "p",
          "points": [[743.000,144.000],[554.550,144.000],[554.550,108.000],[743.000,108.000]]
        }
      ],
      "_ldraw_":
      [
        {
          "op": "F",
          "size": 14.000,
          "face": "Times-Roman"
        },
        {
          "op": "c",
          "grad": "none",
          "color": "#000000"
        },
        {
          "op": "t",
          "fontchar": 1
        },
        {
          "op": "T",
          "pt": [562.660,122.800],
          "align": "l",
          "width": 25.660,
          "text": "flow"
        },
        {
          "op": "F",
          "size": 14.000,
          "face": "Times-Roman"
        },
        {
          "op": "c",
          "grad": "none",
          "color": "#000000"
        },
        {
          "op": "t",
          "fontchar": 0
        },
        {
          "op": "T",
          "pt": [588.320,122.800],
          "align": "l",
          "width": 146.560,
          "text": ": get:\\users:test-api-config"
        }
      ],
      "color": "blue",
      "height": "0.5",
      "label": "<b>flow<\/b>: get:\\users:test-api-config",
      "pos": "648.77,126",
      "shape": "rectangle",
      "width": "2.6142"
    },
    {
      "_gvid": 5,
      "name": "flow:get:\\users\\(userId):test-api-config",
      "_draw_":
      [
        {
          "op": "c",
          "grad": "none",
          "color": "#0000ff"
        },
        {
          "op": "p",
          "points": [[767.190,90.000],[530.360,90.000],[530.360,54.000],[767.190,54.000]]
        }
      ],
      "_ldraw_":
      [
        {
          "op": "F",
          "size": 14.000,
          "face": "Times-Roman"
        },
        {
          "op": "c",
          "grad": "none",
          "color": "#000000"
        },
        {
          "op": "t",
          "fontchar": 1
        },
        {
          "op": "T",
          "pt": [538.570,68.800],
          "align": "l",
          "width": 25.660,
          "text": "flow"
        },
        {
          "op": "F",
          "size": 14.000,
          "face": "Times-Roman"
        },
        {
          "op": "c",
          "grad": "none",
          "color": "#000000"
        },
        {
          "op": "t",
          "fontchar": 0
        },
        {
          "op": "T",
          "pt": [564.220,68.800],
          "align": "l",
          "width": 194.760,
          "text": ": get:\\users\\(userId):test-api-config"
        }
      ],
      "color": "blue",
      "height": "0.5",
      "label": "<b>flow<\/b>: get:\\users\\(userId):test-api-config",
      "pos": "648.77,72",
      "shape": "rectangle",
      "width": "3.2835"
    },
    {
      "_gvid": 6,
      "name": "flow:post:\\users:test-api-config",
      "_draw_":
      [
        {
          "op": "c",
          "grad": "none",
          "color": "#0000ff"
        },
        {
          "op": "p",
          "points": [[746.230,36.000],[551.320,36.000],[551.320,0.000],[746.230,0.000]]
        }
      ],
      "_ldraw_":
      [
        {
          "op": "F",
          "size": 14.000,
          "face": "Times-Roman"
        },
        {
          "op": "c",
          "grad": "none",
          "color": "#000000"
        },
        {
          "op": "t",
          "fontchar": 1
        },
        {
          "op": "T",
          "pt": [559.550,14.800],
          "align": "l",
          "width": 25.660,
          "text": "flow"
        },
        {
          "op": "F",
          "size": 14.000,
          "face": "Times-Roman"
        },
        {
          "op": "c",
          "grad": "none",
          "color": "#000000"
        },
        {
          "op": "t",
          "fontchar": 0
        },
        {
          "op": "T",
          "pt": [585.210,14.800],
          "align": "l",
          "width": 152.790,
          "text": ": post:\\users:test-api-config"
        }
      ],
      "color": "blue",
      "height": "0.5",
      "label": "<b>flow<\/b>: post:\\users:test-api-config",
      "pos": "648.77,18",
      "shape": "rectangle",
      "width": "2.7007"
    },
    {
      "_gvid": 7,
      "name": "http:\/console\/*",
      "_draw_":
      [
        {
          "op": "c",
          "grad": "none",
          "color": "#00ffff"
        },
        {
          "op": "C",
          "grad": "none",
          "color": "#00ffff"
        },
        {
          "op": "P",
          "points": [[120.150,58.000],[90.100,87.290],[30.000,87.290],[-0.050,58.000],[30.000,28.710],[90.100,28.710]]
        }
      ],
      "_ldraw_":
      [
        {
          "op": "F",
          "size": 14.000,
          "face": "Times-Roman"
        },
        {
          "op": "c",
          "grad": "none",
          "color": "#000000"
        },
        {
          "op": "t",
          "fontchar": 1
        },
        {
          "op": "T",
          "pt": [49.160,60.400],
          "align": "l",
          "width": 21.780,
          "text": "http"
        },
        {
          "op": "F",
          "size": 14.000,
          "face": "Times-Roman"
        },
        {
          "op": "c",
          "grad": "none",
          "color": "#000000"
        },
        {
          "op": "t",
          "fontchar": 0
        },
        {
          "op": "T",
          "pt": [31.280,46.400],
          "align": "l",
          "width": 57.550,
          "text": "\/console\/*"
        }
      ],
      "color": "cyan",
      "height": "0.8165",
      "label": "<b>http<\/b><br\/>\/console\/*<br\/>",
      "pos": "60.05,58",
      "shape": "hexagon",
      "sourceNode": "true",
      "style": "filled",
      "width": "1.668"
    },
    {
      "_gvid": 8,
      "name": "flow:test-api-console",
      "_draw_":
      [
        {
          "op": "c",
          "grad": "none",
          "color": "#0000ff"
        },
        {
          "op": "p",
          "points": [[294.620,82.000],[157.260,82.000],[157.260,46.000],[294.620,46.000]]
        }
      ],
      "_ldraw_":
      [
        {
          "op": "F",
          "size": 14.000,
          "face": "Times-Roman"
        },
        {
          "op": "c",
          "grad": "none",
          "color": "#000000"
        },
        {
          "op": "t",
          "fontchar": 1
        },
        {
          "op": "T",
          "pt": [165.100,60.800],
          "align": "l",
          "width": 25.660,
          "text": "flow"
        },
        {
          "op": "F",
          "size": 14.000,
          "face": "Times-Roman"
        },
        {
          "op": "c",
          "grad": "none",
          "color": "#000000"
        },
        {
          "op": "t",
          "fontchar": 0
        },
        {
          "op": "T",
          "pt": [190.760,60.800],
          "align": "l",
          "width": 96.020,
          "text": ": test-api-console"
        }
      ],
      "color": "blue",
      "height": "0.5",
      "label": "<b>flow<\/b>: test-api-console",
      "pos": "225.94,64",
      "shape": "rectangle",
      "width": "1.9122"
    },
    {
      "_gvid": 9,
      "name": "sub-flow:test-sub-flow",
      "_draw_":
      [
        {
          "op": "c",
          "grad": "none",
          "color": "#000000"
        },
        {
          "op": "e",
          "rect": [921.100,95.000,101.320,18.000]
        }
      ],
      "_ldraw_":
      [
        {
          "op": "F",
          "size": 14.000,
          "face": "Times-Roman"
        },
        {
          "op": "c",
          "grad": "none",
          "color": "#000000"
        },
        {
          "op": "t",
          "fontchar": 1
        },
        {
          "op": "T",
          "pt": [855.600,91.800],
          "align": "l",
          "width": 49.760,
          "text": "sub-flow"
        },
        {
          "op": "F",
          "size": 14.000,
          "face": "Times-Roman"
        },
        {
          "op": "c",
          "grad": "none",
          "color": "#000000"
        },
        {
          "op": "t",
          "fontchar": 0
        },
        {
          "op": "T",
          "pt": [905.360,91.800],
          "align": "l",
          "width": 81.250,
          "text": ": test-sub-flow"
        }
      ],
      "color": "black",
      "height": "0.5",
      "label": "<b>sub-flow<\/b>: test-sub-flow",
      "pos": "921.1,95",
      "shape": "ellipse",
      "width": "2.8169"
    },
    {
      "_gvid": 10,
      "name": "sub-flow:test-sub-flow1",
      "_draw_":
      [
        {
          "op": "c",
          "grad": "none",
          "color": "#000000"
        },
        {
          "op": "e",
          "rect": [1181.070,95.000,106.480,18.000]
        }
      ],
      "_ldraw_":
      [
        {
          "op": "F",
          "size": 14.000,
          "face": "Times-Roman"
        },
        {
          "op": "c",
          "grad": "none",
          "color": "#000000"
        },
        {
          "op": "t",
          "fontchar": 1
        },
        {
          "op": "T",
          "pt": [1112.070,91.800],
          "align": "l",
          "width": 49.760,
          "text": "sub-flow"
        },
        {
          "op": "F",
          "size": 14.000,
          "face": "Times-Roman"
        },
        {
          "op": "c",
          "grad": "none",
          "color": "#000000"
        },
        {
          "op": "t",
          "fontchar": 0
        },
        {
          "op": "T",
          "pt": [1161.830,91.800],
          "align": "l",
          "width": 88.250,
          "text": ": test-sub-flow1"
        }
      ],
      "color": "black",
      "height": "0.5",
      "label": "<b>sub-flow<\/b>: test-sub-flow1",
      "pos": "1181.1,95",
      "shape": "ellipse",
      "width": "2.9511"
    }
  ],
  "edges": [
    {
      "_gvid": 0,
      "tail": 0,
      "head": 1,
      "_draw_":
      [
        {
          "op": "S",
          "style": "setlinewidth(2)"
        },
        {
          "op": "c",
          "grad": "none",
          "color": "#000000"
        },
        {
          "op": "b",
          "points": [[98.650,133.620],[115.150,133.020],[135.090,132.290],[154.190,131.590]]
        }
      ],
      "_hdraw_":
      [
        {
          "op": "S",
          "style": "setlinewidth(2)"
        },
        {
          "op": "S",
          "style": "solid"
        },
        {
          "op": "c",
          "grad": "none",
          "color": "#000000"
        },
        {
          "op": "C",
          "grad": "none",
          "color": "#000000"
        },
        {
          "op": "P",
          "points": [[164.390,131.220],[154.560,136.080],[159.410,131.900],[154.420,132.080],[154.400,131.580],[154.380,131.080],[159.380,130.900],[154.230,127.090],[164.390,131.220]]
        }
      ],
      "arrowhead": "vee",
      "dir": "forward",
      "label": "",
      "pos": "e,164.39,131.22 98.649,133.62 115.15,133.02 135.09,132.29 154.19,131.59",
      "style": "bold"
    },
    {
      "_gvid": 1,
      "tail": 1,
      "head": 2,
      "_draw_":
      [
        {
          "op": "S",
          "style": "solid"
        },
        {
          "op": "c",
          "grad": "none",
          "color": "#000000"
        },
        {
          "op": "b",
          "points": [[287.490,117.030],[303.580,113.850],[321.230,110.360],[338.230,107.000]]
        }
      ],
      "_hdraw_":
      [
        {
          "op": "S",
          "style": "solid"
        },
        {
          "op": "c",
          "grad": "none",
          "color": "#000000"
        },
        {
          "op": "C",
          "grad": "none",
          "color": "#000000"
        },
        {
          "op": "P",
          "points": [[348.140,105.040],[339.200,111.390],[343.240,106.010],[338.330,106.980],[338.330,106.980],[338.330,106.980],[343.240,106.010],[337.460,102.560],[348.140,105.040]]
        }
      ],
      "_ldraw_":
      [
        {
          "op": "F",
          "size": 14.000,
          "face": "Times-Roman"
        },
        {
          "op": "c",
          "grad": "none",
          "color": "#000000"
        },
        {
          "op": "T",
          "pt": [320.940,115.200],
          "align": "c",
          "width": 16.320,
          "text": "(1)"
        }
      ],
      "arrowhead": "vee",
      "dir": "forward",
      "label": "(1)",
      "lp": "320.94,119.4",
      "pos": "e,348.14,105.04 287.49,117.03 303.58,113.85 321.23,110.36 338.23,107",
      "style": "solid"
    },
    {
      "_gvid": 2,
      "tail": 2,
      "head": 3,
      "_draw_":
      [
        {
          "op": "S",
          "style": "solid"
        },
        {
          "op": "c",
          "grad": "none",
          "color": "#000000"
        },
        {
          "op": "b",
          "points": [[482.150,129.820],[497.410,138.360],[514.040,146.720],[530.170,153.000],[535.680,155.140],[541.390,157.140],[547.210,159.000]]
        }
      ],
      "_hdraw_":
      [
        {
          "op": "S",
          "style": "solid"
        },
        {
          "op": "c",
          "grad": "none",
          "color": "#000000"
        },
        {
          "op": "C",
          "grad": "none",
          "color": "#000000"
        },
        {
          "op": "P",
          "points": [[557.070,162.000],[546.200,163.400],[552.290,160.550],[547.500,159.090],[547.500,159.090],[547.500,159.090],[552.290,160.550],[548.810,154.780],[557.070,162.000]]
        }
      ],
      "arrowhead": "vee",
      "dir": "forward",
      "label": "",
      "pos": "e,557.07,162 482.15,129.82 497.41,138.36 514.04,146.72 530.17,153 535.68,155.14 541.39,157.14 547.21,159",
      "style": "solid"
    },
    {
      "_gvid": 3,
      "tail": 2,
      "head": 4,
      "_draw_":
      [
        {
          "op": "S",
          "style": "solid"
        },
        {
          "op": "c",
          "grad": "none",
          "color": "#000000"
        },
        {
          "op": "b",
          "points": [[492.540,102.030],[508.910,104.560],[526.650,107.290],[544.080,109.990]]
        }
      ],
      "_hdraw_":
      [
        {
          "op": "S",
          "style": "solid"
        },
        {
          "op": "c",
          "grad": "none",
          "color": "#000000"
        },
        {
          "op": "C",
          "grad": "none",
          "color": "#000000"
        },
        {
          "op": "P",
          "points": [[554.300,111.560],[543.730,114.490],[549.360,110.800],[544.420,110.040],[544.420,110.040],[544.420,110.040],[549.360,110.800],[545.100,105.590],[554.300,111.560]]
        }
      ],
      "arrowhead": "vee",
      "dir": "forward",
      "label": "",
      "pos": "e,554.3,111.56 492.54,102.03 508.91,104.56 526.65,107.29 544.08,109.99",
      "style": "solid"
    },
    {
      "_gvid": 4,
      "tail": 2,
      "head": 5,
      "_draw_":
      [
        {
          "op": "S",
          "style": "solid"
        },
        {
          "op": "c",
          "grad": "none",
          "color": "#000000"
        },
        {
          "op": "b",
          "points": [[493.160,84.960],[501.910,84.230],[511.050,83.460],[520.320,82.690]]
        }
      ],
      "_hdraw_":
      [
        {
          "op": "S",
          "style": "solid"
        },
        {
          "op": "c",
          "grad": "none",
          "color": "#000000"
        },
        {
          "op": "C",
          "grad": "none",
          "color": "#000000"
        },
        {
          "op": "P",
          "points": [[530.410,81.840],[520.820,87.160],[525.430,82.260],[520.450,82.670],[520.450,82.670],[520.450,82.670],[525.430,82.260],[520.070,78.190],[530.410,81.840]]
        }
      ],
      "arrowhead": "vee",
      "dir": "forward",
      "label": "",
      "pos": "e,530.41,81.839 493.16,84.962 501.91,84.228 511.05,83.462 520.32,82.685",
      "style": "solid"
    },
    {
      "_gvid": 5,
      "tail": 2,
      "head": 6,
      "_draw_":
      [
        {
          "op": "S",
          "style": "solid"
        },
        {
          "op": "c",
          "grad": "none",
          "color": "#000000"
        },
        {
          "op": "b",
          "points": [[487.040,61.040],[501.110,55.250],[516.000,49.580],[530.170,45.000],[537.030,42.790],[544.160,40.680],[551.370,38.690]]
        }
      ],
      "_hdraw_":
      [
        {
          "op": "S",
          "style": "solid"
        },
        {
          "op": "c",
          "grad": "none",
          "color": "#000000"
        },
        {
          "op": "C",
          "grad": "none",
          "color": "#000000"
        },
        {
          "op": "P",
          "points": [[561.240,36.060],[552.740,42.990],[556.410,37.350],[551.580,38.640],[551.580,38.640],[551.580,38.640],[556.410,37.350],[550.420,34.290],[561.240,36.060]]
        }
      ],
      "arrowhead": "vee",
      "dir": "forward",
      "label": "",
      "pos": "e,561.24,36.058 487.04,61.036 501.11,55.253 516,49.579 530.17,45 537.03,42.787 544.16,40.681 551.37,38.693",
      "style": "solid"
    },
    {
      "_gvid": 6,
      "tail": 3,
      "head": 9,
      "_draw_":
      [
        {
          "op": "S",
          "style": "solid"
        },
        {
          "op": "c",
          "grad": "none",
          "color": "#000000"
        },
        {
          "op": "b",
          "points": [[734.610,161.990],[745.690,159.210],[756.850,156.190],[767.370,153.000],[802.770,142.270],[841.730,127.430],[871.440,115.440]]
        }
      ],
      "_hdraw_":
      [
        {
          "op": "S",
          "style": "solid"
        },
        {
          "op": "c",
          "grad": "none",
          "color": "#000000"
        },
        {
          "op": "C",
          "grad": "none",
          "color": "#000000"
        },
        {
          "op": "P",
          "points": [[880.750,111.660],[873.180,119.590],[876.110,113.540],[871.480,115.420],[871.480,115.420],[871.480,115.420],[876.110,113.540],[869.790,111.250],[880.750,111.660]]
        }
      ],
      "_ldraw_":
      [
        {
          "op": "F",
          "size": 14.000,
          "face": "Times-Roman"
        },
        {
          "op": "c",
          "grad": "none",
          "color": "#000000"
        },
        {
          "op": "T",
          "pt": [793.530,150.200],
          "align": "c",
          "width": 16.320,
          "text": "(1)"
        }
      ],
      "arrowhead": "vee",
      "dir": "forward",
      "label": "(1)",
      "lp": "793.53,154.4",
      "pos": "e,880.75,111.66 734.61,161.99 745.69,159.21 756.85,156.19 767.37,153 802.77,142.27 841.73,127.43 871.44,115.44",
      "style": "solid"
    },
    {
      "_gvid": 7,
      "tail": 4,
      "head": 9,
      "_draw_":
      [
        {
          "op": "S",
          "style": "solid"
        },
        {
          "op": "c",
          "grad": "none",
          "color": "#000000"
        },
        {
          "op": "b",
          "points": [[743.180,115.290],[769.710,112.250],[798.610,108.930],[825.220,105.880]]
        }
      ],
      "_hdraw_":
      [
        {
          "op": "S",
          "style": "solid"
        },
        {
          "op": "c",
          "grad": "none",
          "color": "#000000"
        },
        {
          "op": "C",
          "grad": "none",
          "color": "#000000"
        },
        {
          "op": "P",
          "points": [[835.300,104.730],[825.880,110.340],[830.330,105.290],[825.360,105.860],[825.360,105.860],[825.360,105.860],[830.330,105.290],[824.850,101.390],[835.300,104.730]]
        }
      ],
      "_ldraw_":
      [
        {
          "op": "F",
          "size": 14.000,
          "face": "Times-Roman"
        },
        {
          "op": "c",
          "grad": "none",
          "color": "#000000"
        },
        {
          "op": "T",
          "pt": [793.530,113.200],
          "align": "c",
          "width": 16.320,
          "text": "(1)"
        }
      ],
      "arrowhead": "vee",
      "dir": "forward",
      "label": "(1)",
      "lp": "793.53,117.4",
      "pos": "e,835.3,104.73 743.18,115.29 769.71,112.25 798.61,108.93 825.22,105.88",
      "style": "solid"
    },
    {
      "_gvid": 8,
      "tail": 5,
      "head": 9,
      "_draw_":
      [
        {
          "op": "S",
          "style": "solid"
        },
        {
          "op": "c",
          "grad": "none",
          "color": "#000000"
        },
        {
          "op": "b",
          "points": [[767.160,80.350],[778.830,81.270],[790.500,82.230],[801.690,83.200],[808.470,83.790],[815.460,84.420],[822.500,85.070]]
        }
      ],
      "_hdraw_":
      [
        {
          "op": "S",
          "style": "solid"
        },
        {
          "op": "c",
          "grad": "none",
          "color": "#000000"
        },
        {
          "op": "C",
          "grad": "none",
          "color": "#000000"
        },
        {
          "op": "P",
          "points": [[832.830,86.050],[822.450,89.590],[827.850,85.580],[822.870,85.110],[822.870,85.110],[822.870,85.110],[827.850,85.580],[823.300,80.630],[832.830,86.050]]
        }
      ],
      "_ldraw_":
      [
        {
          "op": "F",
          "size": 14.000,
          "face": "Times-Roman"
        },
        {
          "op": "c",
          "grad": "none",
          "color": "#000000"
        },
        {
          "op": "T",
          "pt": [793.530,87.200],
          "align": "c",
          "width": 16.320,
          "text": "(1)"
        }
      ],
      "arrowhead": "vee",
      "dir": "forward",
      "label": "(1)",
      "lp": "793.53,91.4",
      "pos": "e,832.83,86.046 767.16,80.351 778.83,81.272 790.5,82.229 801.69,83.2 808.47,83.787 815.46,84.419 822.5,85.073",
      "style": "solid"
    },
    {
      "_gvid": 9,
      "tail": 6,
      "head": 9,
      "_draw_":
      [
        {
          "op": "S",
          "style": "solid"
        },
        {
          "op": "c",
          "grad": "none",
          "color": "#000000"
        },
        {
          "op": "b",
          "points": [[732.570,36.020],[744.300,38.860],[756.170,41.890],[767.370,45.000],[800.100,54.090],[836.240,65.850],[865.140,75.670]]
        }
      ],
      "_hdraw_":
      [
        {
          "op": "S",
          "style": "solid"
        },
        {
          "op": "c",
          "grad": "none",
          "color": "#000000"
        },
        {
          "op": "C",
          "grad": "none",
          "color": "#000000"
        },
        {
          "op": "P",
          "points": [[874.650,78.920],[863.740,79.940],[869.920,77.300],[865.190,75.690],[865.190,75.690],[865.190,75.690],[869.920,77.300],[866.650,71.430],[874.650,78.920]]
        }
      ],
      "_ldraw_":
      [
        {
          "op": "F",
          "size": 14.000,
          "face": "Times-Roman"
        },
        {
          "op": "c",
          "grad": "none",
          "color": "#000000"
        },
        {
          "op": "T",
          "pt": [793.530,59.200],
          "align": "c",
          "width": 16.320,
          "text": "(1)"
        }
      ],
      "arrowhead": "vee",
      "dir": "forward",
      "label": "(1)",
      "lp": "793.53,63.4",
      "pos": "e,874.65,78.922 732.57,36.015 744.3,38.855 756.17,41.887 767.37,45 800.1,54.093 836.24,65.845 865.14,75.671",
      "style": "solid"
    },
    {
      "_gvid": 10,
      "tail": 7,
      "head": 8,
      "_draw_":
      [
        {
          "op": "S",
          "style": "setlinewidth(2)"
        },
        {
          "op": "c",
          "grad": "none",
          "color": "#000000"
        },
        {
          "op": "b",
          "points": [[118.370,60.100],[127.690,60.440],[137.470,60.800],[147.180,61.150]]
        }
      ],
      "_hdraw_":
      [
        {
          "op": "S",
          "style": "setlinewidth(2)"
        },
        {
          "op": "S",
          "style": "solid"
        },
        {
          "op": "c",
          "grad": "none",
          "color": "#000000"
        },
        {
          "op": "C",
          "grad": "none",
          "color": "#000000"
        },
        {
          "op": "P",
          "points": [[157.240,61.520],[147.090,65.650],[152.230,61.840],[147.230,61.660],[147.250,61.160],[147.270,60.660],[152.270,60.840],[147.420,56.660],[157.240,61.520]]
        }
      ],
      "arrowhead": "vee",
      "dir": "forward",
      "label": "",
      "pos": "e,157.24,61.522 118.37,60.099 127.69,60.44 137.47,60.798 147.18,61.153",
      "style": "bold"
    },
    {
      "_gvid": 11,
      "tail": 8,
      "head": 2,
      "_draw_":
      [
        {
          "op": "S",
          "style": "solid"
        },
        {
          "op": "c",
          "grad": "none",
          "color": "#000000"
        },
        {
          "op": "b",
          "points": [[294.880,70.830],[306.320,72.160],[318.060,73.630],[329.100,75.200],[331.970,75.610],[334.890,76.040],[337.840,76.490]]
        }
      ],
      "_hdraw_":
      [
        {
          "op": "S",
          "style": "solid"
        },
        {
          "op": "c",
          "grad": "none",
          "color": "#000000"
        },
        {
          "op": "C",
          "grad": "none",
          "color": "#000000"
        },
        {
          "op": "P",
          "points": [[347.940,78.070],[337.370,80.970],[343.000,77.300],[338.060,76.520],[338.060,76.520],[338.060,76.520],[343.000,77.300],[338.760,72.080],[347.940,78.070]]
        }
      ],
      "_ldraw_":
      [
        {
          "op": "F",
          "size": 14.000,
          "face": "Times-Roman"
        },
        {
          "op": "c",
          "grad": "none",
          "color": "#000000"
        },
        {
          "op": "T",
          "pt": [320.940,80.200],
          "align": "c",
          "width": 16.320,
          "text": "(1)"
        }
      ],
      "arrowhead": "vee",
      "dir": "forward",
      "label": "(1)",
      "lp": "320.94,84.4",
      "pos": "e,347.94,78.069 294.88,70.829 306.32,72.156 318.06,73.628 329.1,75.2 331.97,75.609 334.89,76.04 337.84,76.488",
      "style": "solid"
    },
    {
      "_gvid": 12,
      "tail": 9,
      "head": 10,
      "_draw_":
      [
        {
          "op": "S",
          "style": "solid"
        },
        {
          "op": "c",
          "grad": "none",
          "color": "#000000"
        },
        {
          "op": "b",
          "points": [[1022.580,95.000],[1036.360,95.000],[1050.590,95.000],[1064.600,95.000]]
        }
      ],
      "_hdraw_":
      [
        {
          "op": "S",
          "style": "solid"
        },
        {
          "op": "c",
          "grad": "none",
          "color": "#000000"
        },
        {
          "op": "C",
          "grad": "none",
          "color": "#000000"
        },
        {
          "op": "P",
          "points": [[1074.760,95.000],[1064.760,99.500],[1069.760,95.000],[1064.760,95.000],[1064.760,95.000],[1064.760,95.000],[1069.760,95.000],[1064.760,90.500],[1074.760,95.000]]
        }
      ],
      "_ldraw_":
      [
        {
          "op": "F",
          "size": 14.000,
          "face": "Times-Roman"
        },
        {
          "op": "c",
          "grad": "none",
          "color": "#000000"
        },
        {
          "op": "T",
          "pt": [1048.680,99.200],
          "align": "c",
          "width": 16.320,
          "text": "(1)"
        }
      ],
      "arrowhead": "vee",
      "dir": "forward",
      "label": "(1)",
      "lp": "1048.7,103.4",
      "pos": "e,1074.8,95 1022.6,95 1036.4,95 1050.6,95 1064.6,95",
      "style": "solid"
    }
  ]
}
