{
  "name": "mule",
  "directed": true,
  "strict": false,
  "_draw_":
  [
    {
      "op": "c",
      "grad": "none",
      "color": "#fffffe00"
    },
    {
      "op": "C",
      "grad": "none",
      "color": "#ffffff"
    },
    {
      "op": "P",
      "points": [[-72.000,-36.000],[-72.000,464.800],[654.270,464.800],[654.270,-36.000]]
    }
  ],
  "_ldraw_":
  [
    {
      "op": "F",
      "size": 14.000,
      "face": "Times-Roman"
    },
    {
      "op": "c",
      "grad": "none",
      "color": "#000000"
    },
    {
      "op": "T",
      "pt": [252.840,412.200],
      "align": "l",
      "width": 76.580,
      "text": "Test Diagram"
    }
  ],
  "bb": "0,0,582.27,428.8",
  "dpi": "150",
  "label": "Test Diagram<br\/>",
  "labelloc": "t",
  "lheight": "0.23",
  "lp": "291.13,416.4",
  "lwidth": "1.06",
  "pad": "1.0,0.5",
  "rankdir": "LR",
  "splines": "spline",
  "xdotversion": "1.7",
  "_subgraph_cnt": 3,
  "objects": [
    {
      "name": "cluster_legend",
      "_draw_":
      [
        {
          "op": "S",
          "style": "dashed"
        },
        {
          "op": "c",
          "grad": "none",
          "color": "#000000"
        },
        {
          "op": "p",
          "points": [[26.000,8.000],[26.000,193.000],[544.860,193.000],[544.860,8.000]]
        }
      ],
      "_ldraw_":
      [
        {
          "op": "F",
          "size": 14.000,
          "face": "Times-Roman"
        },
        {
          "op": "c",
          "grad": "none",
          "color": "#000000"
        },
        {
          "op": "t",
          "fontchar": 1
        },
        {
          "op": "T",
          "pt": [264.440,177.400],
          "align": "l",
          "width": 41.980,
          "text": "Legend"
        }
      ],
      "bb": "26,8,544.86,193",
      "dpi": "150",
      "label": "<b>Legend<\/b>",
      "labelloc": "t",
      "lheight": "0.23",
      "lp": "285.43,180.6",
      "lwidth": "0.58",
      "pad": "1.0,0.5",
      "rankdir": "LR",
      "splines": "spline",
      "style": "dashed",
      "_gvid": 0,
      "nodes": [
        3,4,5,6,7,8,9,10,11,12
      ],
      "edges": [
        0,1,2,3,4,5,6,7
      ]
    },
    {
      "name": "cluster_legend-space",
      "bb": "8,201,168,289",
      "dpi": "150",
      "label": "",
      "labelloc": "t",
      "pad": "1.0,0.5",
      "rankdir": "LR",
      "splines": "spline",
      "style": "invis",
      "_gvid": 1,
      "nodes": [
        13
      ]
    },
    {
      "name": "cluster_mule",
      "bb": "33.291,297,574.27,396",
      "dpi": "150",
      "label": "Application graph<br\/>",
      "labelloc": "t",
      "lheight": "0.23",
      "lp": "303.78,383.6",
      "lwidth": "1.41",
      "pad": "1.0,0.5",
      "rankdir": "LR",
      "splines": "spline",
      "style": "invis",
      "_gvid": 2,
      "nodes": [
        14,15,16
      ],
      "edges": [
        8,9,10
      ]
    },
    {
      "_gvid": 3,
      "name": "flow",
      "_draw_":
      [
        {
          "op": "c",
          "grad": "none",
          "color": "#0000ff"
        },
        {
          "op": "p",
          "points": [[124.000,160.000],[52.000,160.000],[52.000,142.000],[124.000,142.000]]
        }
      ],
      "_ldraw_":
      [
        {
          "op": "F",
          "size": 14.000,
          "face": "Times-Roman"
        },
        {
          "op": "c",
          "grad": "none",
          "color": "#000000"
        },
        {
          "op": "T",
          "pt": [88.000,146.800],
          "align": "c",
          "width": 25.660,
          "text": "flow"
        }
      ],
      "color": "blue",
      "fixedsize": "true",
      "height": "0.25",
      "label": "\\N",
      "pos": "88,151",
      "shape": "rectangle",
      "width": "1"
    },
    {
      "_gvid": 4,
      "name": "sub-flow",
      "_draw_":
      [
        {
          "op": "c",
          "grad": "none",
          "color": "#000000"
        },
        {
          "op": "e",
          "rect": [261.720,151.000,36.000,9.000]
        }
      ],
      "_ldraw_":
      [
        {
          "op": "F",
          "size": 14.000,
          "face": "Times-Roman"
        },
        {
          "op": "c",
          "grad": "none",
          "color": "#000000"
        },
        {
          "op": "T",
          "pt": [261.720,146.800],
          "align": "c",
          "width": 49.760,
          "text": "sub-flow"
        }
      ],
      "color": "black",
      "fixedsize": "true",
      "height": "0.25",
      "label": "\\N",
      "pos": "261.72,151",
      "shape": "ellipse",
      "width": "1"
    },
    {
      "_gvid": 5,
      "name": "Unused sub\/-flow",
      "_draw_":
      [
        {
          "op": "c",
          "grad": "none",
          "color": "#c0c0c0"
        },
        {
          "op": "C",
          "grad": "none",
          "color": "#c0c0c0"
        },
        {
          "op": "E",
          "rect": [464.860,151.000,72.000,9.000]
        }
      ],
      "_ldraw_":
      [
        {
          "op": "F",
          "size": 14.000,
          "face": "Times-Roman"
        },
        {
          "op": "c",
          "grad": "none",
          "color": "#000000"
        },
        {
          "op": "T",
          "pt": [464.860,146.800],
          "align": "c",
          "width": 99.920,
          "text": "Unused sub\/-flow"
        }
      ],
      "color": "gray",
      "fixedsize": "true",
      "height": "0.25",
      "label": "\\N",
      "pos": "464.86,151",
      "style": "filled",
      "width": "2"
    },
    {
      "_gvid": 6,
      "name": "Flow A",
      "_draw_":
      [
        {
          "op": "c",
          "grad": "none",
          "color": "#000000"
        },
        {
          "op": "e",
          "rect": [88.000,115.000,36.000,9.000]
        }
      ],
      "_ldraw_":
      [
        {
          "op": "F",
          "size": 14.000,
          "face": "Times-Roman"
        },
        {
          "op": "c",
          "grad": "none",
          "color": "#000000"
        },
        {
          "op": "T",
          "pt": [88.000,110.800],
          "align": "c",
          "width": 42.390,
          "text": "Flow A"
        }
      ],
      "fixedsize": "true",
      "height": "0.25",
      "label": "\\N",
      "pos": "88,115",
      "width": "1"
    },
    {
      "_gvid": 7,
      "name": "sub-flow-1",
      "_draw_":
      [
        {
          "op": "c",
          "grad": "none",
          "color": "#000000"
        },
        {
          "op": "e",
          "rect": [261.720,115.000,36.000,9.000]
        }
      ],
      "_ldraw_":
      [
        {
          "op": "F",
          "size": 14.000,
          "face": "Times-Roman"
        },
        {
          "op": "c",
          "grad": "none",
          "color": "#000000"
        },
        {
          "op": "T",
          "pt": [261.720,110.800],
          "align": "c",
          "width": 61.420,
          "text": "sub-flow-1"
        }
      ],
      "fixedsize": "true",
      "height": "0.25",
      "label": "\\N",
      "pos": "261.72,115",
      "width": "1"
    },
    {
      "_gvid": 8,
      "name": "Flow C",
      "_draw_":
      [
        {
          "op": "c",
          "grad": "none",
          "color": "#000000"
        },
        {
          "op": "e",
          "rect": [88.000,79.000,36.000,9.000]
        }
      ],
      "_ldraw_":
      [
        {
          "op": "F",
          "size": 14.000,
          "face": "Times-Roman"
        },
        {
          "op": "c",
          "grad": "none",
          "color": "#000000"
        },
        {
          "op": "T",
          "pt": [88.000,74.800],
          "align": "c",
          "width": 41.620,
          "text": "Flow C"
        }
      ],
      "fixedsize": "true",
      "height": "0.25",
      "label": "\\N",
      "pos": "88,79",
      "width": "1"
    },
    {
      "_gvid": 9,
      "name": "sub-flow-C1",
      "_draw_":
      [
        {
          "op": "c",
          "grad": "none",
          "color": "#000000"
        },
        {
          "op": "e",
          "rect": [261.720,79.000,36.000,9.000]
        }
      ],
      "_ldraw_":
      [
        {
          "op": "F",
          "size": 14.000,
          "face": "Times-Roman"
        },
        {
          "op": "c",
          "grad": "none",
          "color": "#000000"
        },
        {
          "op": "T",
          "pt": [261.720,74.800],
          "align": "c",
          "width": 70.760,
          "text": "sub-flow-C1"
        }
      ],
      "fixedsize": "true",
      "height": "0.25",
      "label": "\\N",
      "pos": "261.72,79",
      "width": "1"
    },
    {
      "_gvid": 10,
      "name": "flow source",
      "_draw_":
      [
        {
          "op": "c",
          "grad": "none",
          "color": "#00ffff"
        },
        {
          "op": "C",
          "grad": "none",
          "color": "#00ffff"
        },
        {
          "op": "P",
          "points": [[142.000,25.000],[115.000,34.000],[61.000,34.000],[34.000,25.000],[61.000,16.000],[115.000,16.000]]
        }
      ],
      "_ldraw_":
      [
        {
          "op": "F",
          "size": 14.000,
          "face": "Times-Roman"
        },
        {
          "op": "c",
          "grad": "none",
          "color": "#000000"
        },
        {
          "op": "T",
          "pt": [88.000,20.800],
          "align": "c",
          "width": 65.690,
          "text": "flow source"
        }
      ],
      "color": "cyan",
      "fixedsize": "true",
      "height": "0.25",
      "label": "\\N",
      "pos": "88,25",
      "shape": "hexagon",
      "sourceNode": "true",
      "style": "filled",
      "width": "1.5"
    },
    {
      "_gvid": 11,
      "name": "flow self-call",
      "_draw_":
      [
        {
          "op": "c",
          "grad": "none",
          "color": "#0000ff"
        },
        {
          "op": "p",
          "points": [[297.720,34.000],[225.720,34.000],[225.720,16.000],[297.720,16.000]]
        }
      ],
      "_ldraw_":
      [
        {
          "op": "F",
          "size": 14.000,
          "face": "Times-Roman"
        },
        {
          "op": "c",
          "grad": "none",
          "color": "#000000"
        },
        {
          "op": "T",
          "pt": [261.720,20.800],
          "align": "c",
          "width": 74.240,
          "text": "flow self-call"
        }
      ],
      "color": "blue",
      "fixedsize": "true",
      "height": "0.25",
      "label": "\\N",
      "pos": "261.72,25",
      "shape": "rectangle",
      "width": "1"
    },
    {
      "_gvid": 12,
      "name": "sub-flow self-call",
      "_draw_":
      [
        {
          "op": "c",
          "grad": "none",
          "color": "#000000"
        },
        {
          "op": "e",
          "rect": [464.860,25.000,72.000,9.000]
        }
      ],
      "_ldraw_":
      [
        {
          "op": "F",
          "size": 14.000,
          "face": "Times-Roman"
        },
        {
          "op": "c",
          "grad": "none",
          "color": "#000000"
        },
        {
          "op": "T",
          "pt": [464.860,20.800],
          "align": "c",
          "width": 98.340,
          "text": "sub-flow self-call"
        }
      ],
      "color": "black",
      "fixedsize": "true",
      "height": "0.25",
      "label": "\\N",
      "pos": "464.86,25",
      "shape": "ellipse",
      "width": "2"
    },
    {
      "_gvid": 13,
      "name": "",
      "height": "1",
      "label": "\\N",
      "pos": "88,245",
      "shape": "none",
      "width": "2"
    },
    {
      "_gvid": 14,
      "name": "vm:listener",
      "_draw_":
      [
        {
          "op": "c",
          "grad": "none",
          "color": "#00ffff"
        },
        {
          "op": "C",
          "grad": "none",
          "color": "#00ffff"
        },
        {
          "op": "P",
          "points": [[134.920,334.000],[111.460,363.290],[64.540,363.290],[41.080,334.000],[64.540,304.710],[111.460,304.710]]
        }
      ],
      "_ldraw_":
      [
        {
          "op": "F",
          "size": 14.000,
          "face": "Times-Roman"
        },
        {
          "op": "c",
          "grad": "none",
          "color": "#000000"
        },
        {
          "op": "t",
          "fontchar": 1
        },
        {
          "op": "T",
          "pt": [79.050,336.400],
          "align": "l",
          "width": 17.890,
          "text": "vm"
        },
        {
          "op": "F",
          "size": 14.000,
          "face": "Times-Roman"
        },
        {
          "op": "c",
          "grad": "none",
          "color": "#000000"
        },
        {
          "op": "t",
          "fontchar": 0
        },
        {
          "op": "T",
          "pt": [67.400,322.400],
          "align": "l",
          "width": 41.210,
          "text": "listener"
        }
      ],
      "color": "cyan",
      "height": "0.8165",
      "label": "<b>vm<\/b><br\/>listener<br\/>",
      "pos": "88,334",
      "shape": "hexagon",
      "sourceNode": "true",
      "style": "filled",
      "width": "1.2975"
    },
    {
      "_gvid": 15,
      "name": "flow:test-flow",
      "_draw_":
      [
        {
          "op": "c",
          "grad": "none",
          "color": "#0000ff"
        },
        {
          "op": "p",
          "points": [[311.030,350.000],[212.420,350.000],[212.420,314.000],[311.030,314.000]]
        }
      ],
      "_ldraw_":
      [
        {
          "op": "F",
          "size": 14.000,
          "face": "Times-Roman"
        },
        {
          "op": "c",
          "grad": "none",
          "color": "#000000"
        },
        {
          "op": "t",
          "fontchar": 1
        },
        {
          "op": "T",
          "pt": [220.320,328.800],
          "align": "l",
          "width": 25.660,
          "text": "flow"
        },
        {
          "op": "F",
          "size": 14.000,
          "face": "Times-Roman"
        },
        {
          "op": "c",
          "grad": "none",
          "color": "#000000"
        },
        {
          "op": "t",
          "fontchar": 0
        },
        {
          "op": "T",
          "pt": [245.980,328.800],
          "align": "l",
          "width": 57.150,
          "text": ": test-flow"
        }
      ],
      "color": "blue",
      "height": "0.5",
      "label": "<b>flow<\/b>: test-flow",
      "pos": "261.72,332",
      "shape": "rectangle",
      "width": "1.3723"
    },
    {
      "_gvid": 16,
      "name": "sub-flow:test-sub-flow",
      "_draw_":
      [
        {
          "op": "c",
          "grad": "none",
          "color": "#000000"
        },
        {
          "op": "e",
          "rect": [464.860,327.000,101.320,18.000]
        }
      ],
      "_ldraw_":
      [
        {
          "op": "F",
          "size": 14.000,
          "face": "Times-Roman"
        },
        {
          "op": "c",
          "grad": "none",
          "color": "#000000"
        },
        {
          "op": "t",
          "fontchar": 1
        },
        {
          "op": "T",
          "pt": [399.350,323.800],
          "align": "l",
          "width": 49.760,
          "text": "sub-flow"
        },
        {
          "op": "F",
          "size": 14.000,
          "face": "Times-Roman"
        },
        {
          "op": "c",
          "grad": "none",
          "color": "#000000"
        },
        {
          "op": "t",
          "fontchar": 0
        },
        {
          "op": "T",
          "pt": [449.110,323.800],
          "align": "l",
          "width": 81.250,
          "text": ": test-sub-flow"
        }
      ],
      "color": "black",
      "height": "0.5",
      "label": "<b>sub-flow<\/b>: test-sub-flow",
      "pos": "464.86,327",
      "shape": "ellipse",
      "width": "2.8169"
    }
  ],
  "edges": [
    {
      "_gvid": 0,
      "tail": 3,
      "head": 4,
      "arrowhead": "vee",
      "dir": "forward",
      "label": "",
      "pos": "e,225.61,151 124.17,151 150.56,151 186.91,151 215.47,151",
      "style": "invis"
    },
    {
      "_gvid": 1,
      "tail": 4,
      "head": 5,
      "arrowhead": "vee",
      "dir": "forward",
      "label": "",
      "pos": "e,392.59,151 297.76,151 321.12,151 352.83,151 382.29,151",
      "style": "invis"
    },
    {
      "_gvid": 2,
      "tail": 6,
      "head": 7,
      "_draw_":
      [
        {
          "op": "S",
          "style": "solid"
        },
        {
          "op": "c",
          "grad": "none",
          "color": "#000000"
        },
        {
          "op": "b",
          "points": [[124.170,115.000],[150.560,115.000],[186.910,115.000],[215.470,115.000]]
        }
      ],
      "_hdraw_":
      [
        {
          "op": "S",
          "style": "solid"
        },
        {
          "op": "c",
          "grad": "none",
          "color": "#000000"
        },
        {
          "op": "C",
          "grad": "none",
          "color": "#000000"
        },
        {
          "op": "P",
          "points": [[225.610,115.000],[215.610,119.500],[220.610,115.000],[215.610,115.000],[215.610,115.000],[215.610,115.000],[220.610,115.000],[215.610,110.500],[225.610,115.000]]
        }
      ],
      "_ldraw_":
      [
        {
          "op": "F",
          "size": 14.000,
          "face": "Times-Roman"
        },
        {
          "op": "c",
          "grad": "none",
          "color": "#000000"
        },
        {
          "op": "T",
          "pt": [186.160,119.200],
          "align": "c",
          "width": 16.320,
          "text": "(1)"
        }
      ],
      "arrowhead": "vee",
      "dir": "forward",
      "label": "(1)",
      "lp": "186.16,123.4",
      "pos": "e,225.61,115 124.17,115 150.56,115 186.91,115 215.47,115",
      "style": "solid"
    },
    {
      "_gvid": 3,
      "tail": 8,
      "head": 9,
      "_draw_":
      [
        {
          "op": "S",
          "style": "setlinewidth(2)"
        },
        {
          "op": "S",
          "style": "dashed"
        },
        {
          "op": "c",
          "grad": "none",
          "color": "#9ac0cd"
        },
        {
          "op": "b",
          "points": [[124.170,79.000],[150.560,79.000],[186.910,79.000],[215.470,79.000]]
        }
      ],
      "_hdraw_":
      [
        {
          "op": "S",
          "style": "setlinewidth(2)"
        },
        {
          "op": "S",
          "style": "solid"
        },
        {
          "op": "c",
          "grad": "none",
          "color": "#9ac0cd"
        },
        {
          "op": "C",
          "grad": "none",
          "color": "#9ac0cd"
        },
        {
          "op": "P",
          "points": [[225.610,79.000],[215.610,83.500],[220.610,79.500],[215.610,79.500],[215.610,79.000],[215.610,78.500],[220.610,78.500],[215.610,74.500],[225.610,79.000]]
        }
      ],
      "_ldraw_":
      [
        {
          "op": "F",
          "size": 14.000,
          "face": "Times-Roman"
        },
        {
          "op": "c",
          "grad": "none",
          "color": "#000000"
        },
        {
          "op": "T",
          "pt": [202.410,83.200],
          "align": "c",
          "width": 55.590,
          "text": "(1) Async"
        }
      ],
      "_tldraw_":
      [
        {
          "op": "F",
          "size": 14.000,
          "face": "Times-Roman"
        },
        {
          "op": "c",
          "grad": "none",
          "color": "#000000"
        },
        {
          "op": "T",
          "pt": [176.460,66.400],
          "align": "c",
          "width": 104.580,
          "text": "Asynchronous call"
        }
      ],
      "arrowhead": "vee",
      "color": "lightblue3",
      "dir": "forward",
      "label": "",
      "pos": "e,225.61,79 124.17,79 150.56,79 186.91,79 215.47,79",
      "style": "dashed,bold",
      "tail_lp": "176.46,70.6",
      "taillabel": "Asynchronous call\\n",
      "xlabel": "(1) Async",
      "xlp": "202.41,87.4"
    },
    {
      "_gvid": 4,
      "tail": 10,
      "head": 11,
      "arrowhead": "vee",
      "dir": "forward",
      "label": "",
      "pos": "e,225.54,25 142.39,25 165.77,25 192.91,25 215.29,25",
      "style": "invis"
    },
    {
      "_gvid": 5,
      "tail": 11,
      "head": 11,
      "_draw_":
      [
        {
          "op": "c",
          "grad": "none",
          "color": "#000000"
        },
        {
          "op": "b",
          "points": [[250.510,34.130],[244.690,42.700],[248.430,52.000],[261.720,52.000],[269.830,52.000],[274.380,48.550],[275.390,43.910]]
        }
      ],
      "_hdraw_":
      [
        {
          "op": "S",
          "style": "solid"
        },
        {
          "op": "c",
          "grad": "none",
          "color": "#000000"
        },
        {
          "op": "C",
          "grad": "none",
          "color": "#000000"
        },
        {
          "op": "P",
          "points": [[272.940,34.130],[279.730,42.740],[274.160,38.980],[275.370,43.830],[275.370,43.830],[275.370,43.830],[274.160,38.980],[271.000,44.920],[272.940,34.130]]
        }
      ],
      "arrowhead": "vee",
      "dir": "forward",
      "label": "",
      "pos": "e,272.94,34.129 250.51,34.129 244.69,42.701 248.43,52 261.72,52 269.83,52 274.38,48.547 275.39,43.91"
    },
    {
      "_gvid": 6,
      "tail": 11,
      "head": 12,
      "arrowhead": "vee",
      "dir": "forward",
      "label": "",
      "pos": "e,392.59,25 297.76,25 321.12,25 352.83,25 382.29,25",
      "style": "invis"
    },
    {
      "_gvid": 7,
      "tail": 12,
      "head": 12,
      "_draw_":
      [
        {
          "op": "c",
          "grad": "none",
          "color": "#000000"
        },
        {
          "op": "b",
          "points": [[446.090,33.850],[435.710,42.500],[441.970,52.000],[464.860,52.000],[479.880,52.000],[487.740,47.910],[488.430,42.650]]
        }
      ],
      "_hdraw_":
      [
        {
          "op": "S",
          "style": "solid"
        },
        {
          "op": "c",
          "grad": "none",
          "color": "#000000"
        },
        {
          "op": "C",
          "grad": "none",
          "color": "#000000"
        },
        {
          "op": "P",
          "points": [[483.630,33.850],[492.370,40.470],[486.030,38.240],[488.420,42.630],[488.420,42.630],[488.420,42.630],[486.030,38.240],[484.470,44.780],[483.630,33.850]]
        }
      ],
      "arrowhead": "vee",
      "dir": "forward",
      "label": "",
      "pos": "e,483.63,33.85 446.09,33.85 435.71,42.498 441.97,52 464.86,52 479.88,52 487.74,47.908 488.43,42.65"
    },
    {
      "_gvid": 8,
      "tail": 14,
      "head": 15,
      "_draw_":
      [
        {
          "op": "S",
          "style": "setlinewidth(2)"
        },
        {
          "op": "c",
          "grad": "none",
          "color": "#000000"
        },
        {
          "op": "b",
          "points": [[134.570,333.470],[155.240,333.230],[179.940,332.940],[201.990,332.680]]
        }
      ],
      "_hdraw_":
      [
        {
          "op": "S",
          "style": "setlinewidth(2)"
        },
        {
          "op": "S",
          "style": "solid"
        },
        {
          "op": "c",
          "grad": "none",
          "color": "#000000"
        },
        {
          "op": "C",
          "grad": "none",
          "color": "#000000"
        },
        {
          "op": "P",
          "points": [[212.240,332.560],[202.290,337.180],[207.240,333.120],[202.240,333.180],[202.240,332.680],[202.230,332.180],[207.230,332.120],[202.180,328.180],[212.240,332.560]]
        }
      ],
      "arrowhead": "vee",
      "dir": "forward",
      "label": "",
      "pos": "e,212.24,332.56 134.57,333.47 155.24,333.23 179.94,332.94 201.99,332.68",
      "style": "bold"
    },
    {
      "_gvid": 9,
      "tail": 15,
      "head": 16,
      "_draw_":
      [
        {
          "op": "S",
          "style": "solid"
        },
        {
          "op": "c",
          "grad": "none",
          "color": "#000000"
        },
        {
          "op": "b",
          "points": [[311.160,330.800],[324.190,330.470],[338.840,330.110],[353.770,329.740]]
        }
      ],
      "_hdraw_":
      [
        {
          "op": "S",
          "style": "solid"
        },
        {
          "op": "c",
          "grad": "none",
          "color": "#000000"
        },
        {
          "op": "C",
          "grad": "none",
          "color": "#000000"
        },
        {
          "op": "P",
          "points": [[364.140,329.480],[354.250,334.230],[359.140,329.600],[354.140,329.730],[354.140,329.730],[354.140,329.730],[359.140,329.600],[354.030,325.230],[364.140,329.480]]
        }
      ],
      "_ldraw_":
      [
        {
          "op": "F",
          "size": 14.000,
          "face": "Times-Roman"
        },
        {
          "op": "c",
          "grad": "none",
          "color": "#000000"
        },
        {
          "op": "T",
          "pt": [337.290,334.200],
          "align": "c",
          "width": 16.320,
          "text": "(1)"
        }
      ],
      "arrowhead": "vee",
      "dir": "forward",
      "label": "(1)",
      "lp": "337.29,338.4",
      "pos": "e,364.14,329.48 311.16,330.8 324.19,330.47 338.84,330.11 353.77,329.74",
      "style": "solid"
    },
    {
      "_gvid": 10,
      "tail": 16,
      "head": 16,
      "_draw_":
      [
        {
          "op": "c",
          "grad": "none",
          "color": "#000000"
        },
        {
          "op": "b",
          "points": [[442.210,344.780],[438.360,354.310],[445.910,363.000],[464.860,363.000],[476.410,363.000],[483.720,359.770],[486.800,355.100]]
        }
      ],
      "_hdraw_":
      [
        {
          "op": "S",
          "style": "solid"
        },
        {
          "op": "c",
          "grad": "none",
          "color": "#000000"
        },
        {
          "op": "C",
          "grad": "none",
          "color": "#000000"
        },
        {
          "op": "P",
          "points": [[487.510,344.780],[491.320,355.070],[487.170,349.770],[486.830,354.760],[486.830,354.760],[486.830,354.760],[487.170,349.770],[482.340,354.450],[487.510,344.780]]
        }
      ],
      "arrowhead": "vee",
      "dir": "forward",
      "label": "",
      "pos": "e,487.51,344.78 442.21,344.78 438.36,354.31 445.91,363 464.86,363 476.41,363 483.72,359.77 486.8,355.1"
    }
  ]
}
